------------------------------------------------------------
Timing Analyzer Summary
------------------------------------------------------------

Type  : Slow 1200mV 85C Model Setup 'input|ACC|spi_pll_acc|altpll_component|auto_generated|pll1|clk[0]'
Slack : -4.394
TNS   : -89.358

Type  : Slow 1200mV 85C Model Setup 'sys_clk'
Slack : -1.735
TNS   : -26.650

Type  : Slow 1200mV 85C Model Hold 'sys_clk'
Slack : 0.322
TNS   : 0.000

Type  : Slow 1200mV 85C Model Hold 'input|ACC|spi_pll_acc|altpll_component|auto_generated|pll1|clk[0]'
Slack : 0.398
TNS   : 0.000

Type  : Slow 1200mV 85C Model Recovery 'input|ACC|spi_pll_acc|altpll_component|auto_generated|pll1|clk[0]'
Slack : -4.202
TNS   : -130.987

Type  : Slow 1200mV 85C Model Recovery 'sys_clk'
Slack : -1.499
TNS   : -25.771

Type  : Slow 1200mV 85C Model Removal 'sys_clk'
Slack : 1.302
TNS   : 0.000

Type  : Slow 1200mV 85C Model Removal 'input|ACC|spi_pll_acc|altpll_component|auto_generated|pll1|clk[0]'
Slack : 4.295
TNS   : 0.000

Type  : Slow 1200mV 85C Model Minimum Pulse Width 'sys_clk'
Slack : -3.000
TNS   : -35.269

Type  : Slow 1200mV 85C Model Minimum Pulse Width 'input|ACC|spi_pll_acc|altpll_component|auto_generated|pll1|clk[0]'
Slack : 12.218
TNS   : 0.000

Type  : Slow 1200mV 0C Model Setup 'input|ACC|spi_pll_acc|altpll_component|auto_generated|pll1|clk[0]'
Slack : -3.707
TNS   : -75.294

Type  : Slow 1200mV 0C Model Setup 'sys_clk'
Slack : -1.462
TNS   : -22.076

Type  : Slow 1200mV 0C Model Hold 'sys_clk'
Slack : 0.289
TNS   : 0.000

Type  : Slow 1200mV 0C Model Hold 'input|ACC|spi_pll_acc|altpll_component|auto_generated|pll1|clk[0]'
Slack : 0.320
TNS   : 0.000

Type  : Slow 1200mV 0C Model Recovery 'input|ACC|spi_pll_acc|altpll_component|auto_generated|pll1|clk[0]'
Slack : -3.546
TNS   : -110.253

Type  : Slow 1200mV 0C Model Recovery 'sys_clk'
Slack : -1.350
TNS   : -23.046

Type  : Slow 1200mV 0C Model Removal 'sys_clk'
Slack : 1.221
TNS   : 0.000

Type  : Slow 1200mV 0C Model Removal 'input|ACC|spi_pll_acc|altpll_component|auto_generated|pll1|clk[0]'
Slack : 3.645
TNS   : 0.000

Type  : Slow 1200mV 0C Model Minimum Pulse Width 'sys_clk'
Slack : -3.000
TNS   : -35.269

Type  : Slow 1200mV 0C Model Minimum Pulse Width 'input|ACC|spi_pll_acc|altpll_component|auto_generated|pll1|clk[0]'
Slack : 12.198
TNS   : 0.000

Type  : Fast 1200mV 0C Model Setup 'input|ACC|spi_pll_acc|altpll_component|auto_generated|pll1|clk[0]'
Slack : -1.562
TNS   : -31.611

Type  : Fast 1200mV 0C Model Setup 'sys_clk'
Slack : -0.076
TNS   : -0.076

Type  : Fast 1200mV 0C Model Hold 'sys_clk'
Slack : 0.140
TNS   : 0.000

Type  : Fast 1200mV 0C Model Hold 'input|ACC|spi_pll_acc|altpll_component|auto_generated|pll1|clk[0]'
Slack : 0.200
TNS   : 0.000

Type  : Fast 1200mV 0C Model Recovery 'input|ACC|spi_pll_acc|altpll_component|auto_generated|pll1|clk[0]'
Slack : -1.536
TNS   : -47.391

Type  : Fast 1200mV 0C Model Recovery 'sys_clk'
Slack : -0.841
TNS   : -15.209

Type  : Fast 1200mV 0C Model Removal 'sys_clk'
Slack : 1.233
TNS   : 0.000

Type  : Fast 1200mV 0C Model Removal 'input|ACC|spi_pll_acc|altpll_component|auto_generated|pll1|clk[0]'
Slack : 2.011
TNS   : 0.000

Type  : Fast 1200mV 0C Model Minimum Pulse Width 'sys_clk'
Slack : -3.000
TNS   : -30.026

Type  : Fast 1200mV 0C Model Minimum Pulse Width 'input|ACC|spi_pll_acc|altpll_component|auto_generated|pll1|clk[0]'
Slack : 12.267
TNS   : 0.000

------------------------------------------------------------
